cargo :     Checking ground_control 
v0.1.0 (C:\Users\sheng\Documents\GitHub\R
TS-Assignment\ground_control)
At line:1 char:1
+ cargo check -p ground_control --lib 2> 
C:\Users\sheng\Documents\GitHu ...
+ ~~~~~~~~~~~~~~~~~~~~~~~~~~~~~~~~~~~~~~~
~~~~~~~~~~~~~~~~~~~~~~~~~~~~~~
    + CategoryInfo          : NotSpecifi 
   ed: (    Checking gr...ground_contro  
  l):String) [], RemoteException
    + FullyQualifiedErrorId : NativeComm 
   andError
 
error[E0433]: failed to resolve: could 
not find `PerformanceTracker` in the 
crate root
   --> ground_control\src\performance_tra
cker.rs:575:36
    |
575 | ...                   super::Perfor
manceTracker::record_performance_event(se
lf, PerformanceEvent {
    |                              
^^^^^^^^^^^^^^^^^^ could not find 
`PerformanceTracker` in the crate root

warning: unused import: `Priority`
  --> ground_control\src\command_schedule
r.rs:13:43
   |
13 |     Command, CommunicationPacket, 
Source, Priority, CommandType, 
TargetSystem,
   |                                     
      ^^^^^^^^
   |
   = note: `#[warn(unused_imports)]` 
(part of `#[warn(unused)]`) on by default

For more information about this error, 
try `rustc --explain E0433`.
warning: `ground_control` (lib) 
generated 1 warning
error: could not compile 
`ground_control` (lib) due to 1 previous 
error; 1 warning emitted
